[INFO] Scanning for projects...
[INFO] 
[INFO] ------------------------< com.App:lbs-backend >-------------------------
[INFO] Building lbs-backend 0.0.1-SNAPSHOT
[INFO]   from pom.xml
[INFO] --------------------------------[ jar ]---------------------------------
[INFO] 
[INFO] >>> spring-boot:4.0.3:run (default-cli) > test-compile @ lbs-backend >>>
[INFO] 
[INFO] --- resources:3.3.1:resources (default-resources) @ lbs-backend ---
[INFO] Copying 1 resource from src\main\resources to target\classes
[INFO] Copying 9 resources from src\main\resources to target\classes
[INFO] 
[INFO] --- compiler:3.14.1:compile (default-compile) @ lbs-backend ---
[INFO] Nothing to compile - all classes are up to date.
[INFO] 
[INFO] --- resources:3.3.1:testResources (default-testResources) @ lbs-backend ---
[INFO] skip non existing resourceDirectory C:\Users\di\Desktop\lbs_Backend\src\test\resources
[INFO] 
[INFO] --- compiler:3.14.1:testCompile (default-testCompile) @ lbs-backend ---
[INFO] Nothing to compile - all classes are up to date.
[INFO] 
[INFO] <<< spring-boot:4.0.3:run (default-cli) < test-compile @ lbs-backend <<<
[INFO] 
[INFO] 
[INFO] --- spring-boot:4.0.3:run (default-cli) @ lbs-backend ---
[INFO] Attaching agents: []

  .   ____          _            __ _ _
 /\\ / ___'_ __ _ _(_)_ __  __ _ \ \ \ \
( ( )\___ | '_ | '_| | '_ \/ _` | \ \ \ \
 \\/  ___)| |_)| | | | | || (_| |  ) ) ) )
  '  |____| .__|_| |_|_| |_\__, | / / / /
 =========|_|==============|___/=/_/_/_/

 :: Spring Boot ::                (v4.0.3)

2026-08-19T20:22:48.144+01:00  INFO 18384 --- [lbs-backend] [           main] c.App.lbs_backend.LbsBackendApplication  : Starting LbsBackendApplication using Java 21.0.6 with PID 18384 (C:\Users\di\Desktop\lbs_Backend\target\classes started by DI in C:\Users\di\Desktop\lbs_Backend)
2026-08-19T20:22:48.145+01:00  INFO 18384 --- [lbs-backend] [           main] c.App.lbs_backend.LbsBackendApplication  : No active profile set, falling back to 1 default profile: "default"
2026-08-19T20:22:49.368+01:00  INFO 18384 --- [lbs-backend] [           main] .s.d.r.c.RepositoryConfigurationDelegate : Bootstrapping Spring Data JPA repositories in DEFAULT mode.
2026-08-19T20:22:49.503+01:00  INFO 18384 --- [lbs-backend] [           main] .s.d.r.c.RepositoryConfigurationDelegate : Finished Spring Data repository scanning in 129 ms. Found 42 JPA repository interfaces.
2026-08-19T20:22:50.193+01:00  INFO 18384 --- [lbs-backend] [           main] o.s.boot.tomcat.TomcatWebServer          : Tomcat initialized with port 8082 (http)
2026-08-19T20:22:50.204+01:00  INFO 18384 --- [lbs-backend] [           main] o.apache.catalina.core.StandardService   : Starting service [Tomcat]
2026-08-19T20:22:50.205+01:00  INFO 18384 --- [lbs-backend] [           main] o.apache.catalina.core.StandardEngine    : Starting Servlet engine: [Apache Tomcat/11.0.18]
2026-08-19T20:22:50.270+01:00  INFO 18384 --- [lbs-backend] [           main] b.w.c.s.WebApplicationContextInitializer : Root WebApplicationContext: initialization completed in 2092 ms
2026-08-19T20:22:50.668+01:00  INFO 18384 --- [lbs-backend] [           main] org.hibernate.orm.jpa                    : HHH008540: Processing PersistenceUnitInfo [name: default]
2026-08-19T20:22:50.834+01:00  INFO 18384 --- [lbs-backend] [           main] org.hibernate.orm.core                   : HHH000001: Hibernate ORM core version 7.2.4.Final
2026-08-19T20:22:51.521+01:00  INFO 18384 --- [lbs-backend] [           main] o.s.o.j.p.SpringPersistenceUnitInfo      : No LoadTimeWeaver setup: ignoring JPA class transformer
2026-08-19T20:22:51.577+01:00  INFO 18384 --- [lbs-backend] [           main] com.zaxxer.hikari.HikariDataSource       : HikariPool-1 - Starting...
2026-08-19T20:22:51.815+01:00  INFO 18384 --- [lbs-backend] [           main] com.zaxxer.hikari.pool.HikariPool        : HikariPool-1 - Added connection org.postgresql.jdbc.PgConnection@35e3f3b8
2026-08-19T20:22:51.818+01:00  INFO 18384 --- [lbs-backend] [           main] com.zaxxer.hikari.HikariDataSource       : HikariPool-1 - Start completed.
2026-08-19T20:22:51.929+01:00  INFO 18384 --- [lbs-backend] [           main] org.hibernate.orm.connections.pooling    : HHH10001005: Database info:
	Database JDBC URL [jdbc:postgresql://localhost:5433/lbs_db?currentSchema=lbs]
	Database driver: PostgreSQL JDBC Driver
	Database dialect: PostgreSQLDialect
	Database version: 17.4
	Default catalog/schema: lbs_db/lbs
	Autocommit mode: undefined/unknown
	Isolation level: READ_COMMITTED [default READ_COMMITTED]
	JDBC fetch size: none
	Pool: DataSourceConnectionProvider
	Minimum pool size: undefined/unknown
	Maximum pool size: undefined/unknown
2026-08-19T20:22:54.153+01:00  INFO 18384 --- [lbs-backend] [           main] org.hibernate.orm.core                   : HHH000489: No JTA platform available (set 'hibernate.transaction.jta.platform' to enable JTA platform integration)
2026-08-19T20:22:54.323+01:00  INFO 18384 --- [lbs-backend] [           main] j.LocalContainerEntityManagerFactoryBean : Initialized JPA EntityManagerFactory for persistence unit 'default'
2026-08-19T20:22:54.445+01:00  INFO 18384 --- [lbs-backend] [           main] o.s.d.j.r.query.QueryEnhancerFactories   : Hibernate is in classpath; If applicable, HQL parser will be used.
2026-08-19T20:22:59.934+01:00  WARN 18384 --- [lbs-backend] [           main] JpaBaseConfiguration$JpaWebConfiguration : spring.jpa.open-in-view is enabled by default. Therefore, database queries may be performed during view rendering. Explicitly configure spring.jpa.open-in-view to disable this warning
2026-08-19T20:23:01.231+01:00  INFO 18384 --- [lbs-backend] [           main] o.s.b.a.e.web.EndpointLinksResolver      : Exposing 1 endpoint beneath base path '/actuator'
2026-08-19T20:23:01.325+01:00  INFO 18384 --- [lbs-backend] [           main] o.s.boot.tomcat.TomcatWebServer          : Tomcat started on port 8082 (http) with context path '/'
2026-08-19T20:23:01.330+01:00  INFO 18384 --- [lbs-backend] [           main] o.s.a.r.c.CachingConnectionFactory       : Attempting to connect to: [localhost:5673]
2026-08-19T20:23:01.526+01:00  INFO 18384 --- [lbs-backend] [           main] o.s.a.r.c.CachingConnectionFactory       : Created new connection: rabbitConnectionFactory#7f6cf329:0/SimpleConnection@549e072a [delegate=amqp://lbs_user@127.0.0.1:5673/, localPort=63171]
2026-08-19T20:23:01.681+01:00  INFO 18384 --- [lbs-backend] [           main] c.App.lbs_backend.LbsBackendApplication  : Started LbsBackendApplication in 13.847 seconds (process running for 14.285)
2026-08-19T20:23:01.767+01:00  INFO 18384 --- [lbs-backend] [           main] c.A.l.config.InitialDataLoader           : Vérification et initialisation des données de base...
2026-08-19T20:23:01.767+01:00  INFO 18384 --- [lbs-backend] [           main] c.A.l.service.KeycloakAdminService       : Tentative de création du rôle Keycloak : ADMIN
2026-08-19T20:23:02.216+01:00  WARN 18384 --- [lbs-backend] [           main] c.A.l.service.KeycloakAdminService       : Le rôle ADMIN existe déjà dans Keycloak.
2026-08-19T20:23:02.217+01:00  INFO 18384 --- [lbs-backend] [           main] c.A.l.service.KeycloakAdminService       : Tentative de création du rôle Keycloak : TUTEUR
2026-08-19T20:23:02.238+01:00  WARN 18384 --- [lbs-backend] [           main] c.A.l.service.KeycloakAdminService       : Le rôle TUTEUR existe déjà dans Keycloak.
2026-08-19T20:23:02.239+01:00  INFO 18384 --- [lbs-backend] [           main] c.A.l.service.KeycloakAdminService       : Tentative de création du rôle Keycloak : PROFESSEUR
2026-08-19T20:23:02.257+01:00  WARN 18384 --- [lbs-backend] [           main] c.A.l.service.KeycloakAdminService       : Le rôle PROFESSEUR existe déjà dans Keycloak.
2026-08-19T20:23:02.400+01:00  INFO 18384 --- [lbs-backend] [           main] c.A.l.config.InitialDataLoader           : Vérification des menus par défaut...
2026-08-19T20:23:02.632+01:00  INFO 18384 --- [lbs-backend] [           main] c.A.l.config.InitialDataLoader           : Vérification des statuts d'inscription...
2026-08-19T20:23:02.647+01:00  INFO 18384 --- [lbs-backend] [           main] c.A.l.config.InitialDataLoader           : Initialisation des données de base terminée.
2026-08-19T20:23:02.653+01:00  WARN 18384 --- [lbs-backend] [           main] o.s.core.events.SpringDocAppInitializer  : SpringDoc /v3/api-docs endpoint is enabled by default. To disable it in production, set the property 'springdoc.api-docs.enabled=false'
2026-08-19T20:23:02.653+01:00  WARN 18384 --- [lbs-backend] [           main] o.s.core.events.SpringDocAppInitializer  : SpringDoc /swagger-ui.html endpoint is enabled by default. To disable it in production, set the property 'springdoc.swagger-ui.enabled=false'
2026-08-19T20:24:00.645+01:00  INFO 18384 --- [lbs-backend] [nio-8082-exec-1] o.a.c.c.C.[Tomcat].[localhost].[/]       : Initializing Spring DispatcherServlet 'dispatcherServlet'
2026-08-19T20:24:00.645+01:00  INFO 18384 --- [lbs-backend] [nio-8082-exec-1] o.s.web.servlet.DispatcherServlet        : Initializing Servlet 'dispatcherServlet'
2026-08-19T20:24:00.648+01:00  INFO 18384 --- [lbs-backend] [nio-8082-exec-1] o.s.web.servlet.DispatcherServlet        : Completed initialization in 3 ms
2026-08-19T20:24:00.838+01:00  INFO 18384 --- [lbs-backend] [nio-8082-exec-7] c.App.lbs_backend.service.MenuService    : Chargement des menus ADMIN pour superadmin
2026-08-19T20:24:00.957+01:00  INFO 18384 --- [lbs-backend] [nio-8082-exec-6] c.App.lbs_backend.service.MenuService    : Chargement des menus ADMIN pour superadmin
2026-08-19T20:26:49.420+01:00  INFO 18384 --- [lbs-backend] [nio-8082-exec-8] c.App.lbs_backend.service.MenuService    : Chargement des menus ADMIN pour superadmin
2026-08-19T20:26:49.563+01:00  INFO 18384 --- [lbs-backend] [nio-8082-exec-2] c.App.lbs_backend.service.MenuService    : Chargement des menus ADMIN pour superadmin
2026-08-19T20:26:49.831+01:00  INFO 18384 --- [lbs-backend] [io-8082-exec-10] c.App.lbs_backend.service.MenuService    : Chargement des menus ADMIN pour superadmin
2026-08-19T20:26:49.918+01:00  INFO 18384 --- [lbs-backend] [nio-8082-exec-7] c.App.lbs_backend.service.MenuService    : Chargement des menus ADMIN pour superadmin
2026-08-19T20:27:11.229+01:00  INFO 18384 --- [lbs-backend] [nio-8082-exec-9] c.App.lbs_backend.service.MenuService    : Chargement des menus ADMIN pour superadmin
2026-08-19T20:27:11.303+01:00  INFO 18384 --- [lbs-backend] [nio-8082-exec-2] c.App.lbs_backend.service.MenuService    : Chargement des menus ADMIN pour superadmin
