[INFO] Scanning for projects...
[INFO] 
[INFO] ------------------------< com.App:lbs-backend >-------------------------
[INFO] Building lbs-backend 0.0.1-SNAPSHOT
[INFO]   from pom.xml
[INFO] --------------------------------[ jar ]---------------------------------
Downloading from central: https://repo.maven.apache.org/maven2/net/sf/jasperreports/jasperreports-pdf/7.0.1/jasperreports-pdf-7.0.1.pom
Progress (1): 1.2 kBProgress (1): 4.0 kBProgress (1): 4.5 kB                    Downloaded from central: https://repo.maven.apache.org/maven2/net/sf/jasperreports/jasperreports-pdf/7.0.1/jasperreports-pdf-7.0.1.pom (4.5 kB at 7.6 kB/s)
Downloading from central: https://repo.maven.apache.org/maven2/com/github/librepdf/openpdf/1.3.32/openpdf-1.3.32.pom
Progress (1): 2.2 kBProgress (1): 3.8 kB                    Downloaded from central: https://repo.maven.apache.org/maven2/com/github/librepdf/openpdf/1.3.32/openpdf-1.3.32.pom (3.8 kB at 29 kB/s)
Downloading from central: https://repo.maven.apache.org/maven2/com/github/librepdf/openpdf-parent/1.3.32/openpdf-parent-1.3.32.pom
Progress (1): 905 BProgress (1): 2.4 kBProgress (1): 4.5 kBProgress (1): 8.9 kBProgress (1): 12 kB Progress (1): 16 kBProgress (1): 20 kBProgress (1): 21 kB                   Downloaded from central: https://repo.maven.apache.org/maven2/com/github/librepdf/openpdf-parent/1.3.32/openpdf-parent-1.3.32.pom (21 kB at 155 kB/s)
Downloading from central: https://repo.maven.apache.org/maven2/com/adobe/xmp/xmpcore/6.1.11/xmpcore-6.1.11.pom
Progress (1): 1.1 kBProgress (1): 2.5 kBProgress (1): 4.7 kBProgress (1): 6.4 kB                    Downloaded from central: https://repo.maven.apache.org/maven2/com/adobe/xmp/xmpcore/6.1.11/xmpcore-6.1.11.pom (6.4 kB at 48 kB/s)
Downloading from central: https://repo.maven.apache.org/maven2/net/sf/jasperreports/jasperreports-pdf/7.0.1/jasperreports-pdf-7.0.1.jar
Downloading from central: https://repo.maven.apache.org/maven2/com/github/librepdf/openpdf/1.3.32/openpdf-1.3.32.jar
Downloading from central: https://repo.maven.apache.org/maven2/com/adobe/xmp/xmpcore/6.1.11/xmpcore-6.1.11.jar
Progress (1): 0.9/151 kBProgress (1): 2.3/151 kBProgress (1): 3.6/151 kBProgress (1): 5.0/151 kBProgress (1): 6.4/151 kBProgress (1): 7.7/151 kBProgress (1): 9.1/151 kBProgress (1): 10/151 kB Progress (1): 12/151 kBProgress (1): 13/151 kBProgress (1): 15/151 kBProgress (1): 16/151 kBProgress (1): 17/151 kBProgress (1): 19/151 kBProgress (1): 20/151 kBProgress (1): 21/151 kBProgress (1): 23/151 kBProgress (1): 24/151 kBProgress (1): 25/151 kBProgress (1): 26/151 kBProgress (1): 27/151 kBProgress (1): 29/151 kBProgress (1): 30/151 kBProgress (1): 31/151 kBProgress (1): 33/151 kBProgress (1): 34/151 kBProgress (1): 36/151 kBProgress (1): 37/151 kBProgress (1): 38/151 kBProgress (1): 42/151 kBProgress (1): 47/151 kBProgress (1): 51/151 kBProgress (1): 55/151 kBProgress (1): 59/151 kBProgress (1): 64/151 kBProgress (1): 68/151 kBProgress (1): 72/151 kBProgress (1): 76/151 kBProgress (1): 81/151 kBProgress (1): 85/151 kBProgress (1): 89/151 kBProgress (1): 93/151 kBProgress (1): 97/151 kBProgress (1): 102/151 kBProgress (1): 106/151 kBProgress (1): 110/151 kBProgress (1): 114/151 kBProgress (1): 119/151 kBProgress (1): 123/151 kBProgress (1): 127/151 kBProgress (1): 131/151 kBProgress (1): 136/151 kBProgress (1): 140/151 kBProgress (1): 144/151 kBProgress (1): 148/151 kBProgress (1): 151 kB                        Downloaded from central: https://repo.maven.apache.org/maven2/net/sf/jasperreports/jasperreports-pdf/7.0.1/jasperreports-pdf-7.0.1.jar (151 kB at 552 kB/s)
Progress (1): 0.9/143 kBProgress (1): 2.3/143 kBProgress (1): 3.6/143 kBProgress (1): 5.0/143 kBProgress (1): 6.4/143 kBProgress (1): 7.7/143 kBProgress (1): 9.1/143 kBProgress (1): 10/143 kB Progress (1): 12/143 kBProgress (1): 13/143 kBProgress (1): 15/143 kBProgress (1): 16/143 kBProgress (1): 17/143 kBProgress (1): 19/143 kBProgress (1): 20/143 kBProgress (1): 21/143 kBProgress (2): 21/143 kB | 0/2.1 MBProgress (2): 21/143 kB | 0/2.1 MBProgress (2): 21/143 kB | 0/2.1 MBProgress (2): 21/143 kB | 0/2.1 MBProgress (2): 23/143 kB | 0/2.1 MBProgress (2): 24/143 kB | 0/2.1 MBProgress (2): 24/143 kB | 0/2.1 MBProgress (2): 24/143 kB | 0/2.1 MBProgress (2): 24/143 kB | 0/2.1 MBProgress (2): 24/143 kB | 0/2.1 MBProgress (2): 24/143 kB | 0/2.1 MBProgress (2): 24/143 kB | 0/2.1 MBProgress (2): 24/143 kB | 0/2.1 MBProgress (2): 24/143 kB | 0/2.1 MBProgress (2): 24/143 kB | 0/2.1 MBProgress (2): 24/143 kB | 0/2.1 MBProgress (2): 26/143 kB | 0/2.1 MBProgress (2): 27/143 kB | 0/2.1 MBProgress (2): 27/143 kB | 0/2.1 MBProgress (2): 27/143 kB | 0/2.1 MBProgress (2): 28/143 kB | 0/2.1 MBProgress (2): 29/143 kB | 0/2.1 MBProgress (2): 31/143 kB | 0/2.1 MBProgress (2): 31/143 kB | 0/2.1 MBProgress (2): 31/143 kB | 0/2.1 MBProgress (2): 32/143 kB | 0/2.1 MBProgress (2): 33/143 kB | 0/2.1 MBProgress (2): 33/143 kB | 0/2.1 MBProgress (2): 33/143 kB | 0/2.1 MBProgress (2): 35/143 kB | 0/2.1 MBProgress (2): 36/143 kB | 0/2.1 MBProgress (2): 36/143 kB | 0/2.1 MBProgress (2): 36/143 kB | 0/2.1 MBProgress (2): 38/143 kB | 0/2.1 MBProgress (2): 39/143 kB | 0/2.1 MBProgress (2): 39/143 kB | 0/2.1 MBProgress (2): 39/143 kB | 0/2.1 MBProgress (2): 40/143 kB | 0/2.1 MBProgress (2): 42/143 kB | 0/2.1 MBProgress (2): 42/143 kB | 0/2.1 MBProgress (2): 43/143 kB | 0/2.1 MBProgress (2): 43/143 kB | 0/2.1 MBProgress (2): 44/143 kB | 0/2.1 MBProgress (2): 44/143 kB | 0/2.1 MBProgress (2): 44/143 kB | 0/2.1 MBProgress (2): 46/143 kB | 0/2.1 MBProgress (2): 47/143 kB | 0/2.1 MBProgress (2): 47/143 kB | 0/2.1 MBProgress (2): 47/143 kB | 0/2.1 MBProgress (2): 48/143 kB | 0/2.1 MBProgress (2): 50/143 kB | 0/2.1 MBProgress (2): 50/143 kB | 0/2.1 MBProgress (2): 50/143 kB | 0/2.1 MBProgress (2): 50/143 kB | 0/2.1 MBProgress (2): 51/143 kB | 0/2.1 MBProgress (2): 53/143 kB | 0/2.1 MBProgress (2): 53/143 kB | 0/2.1 MBProgress (2): 53/143 kB | 0/2.1 MBProgress (2): 54/143 kB | 0/2.1 MBProgress (2): 55/143 kB | 0/2.1 MBProgress (2): 55/143 kB | 0/2.1 MBProgress (2): 55/143 kB | 0/2.1 MBProgress (2): 55/143 kB | 0.1/2.1 MBProgress (2): 55/143 kB | 0.1/2.1 MBProgress (2): 60/143 kB | 0.1/2.1 MBProgress (2): 60/143 kB | 0.1/2.1 MBProgress (2): 60/143 kB | 0.1/2.1 MBProgress (2): 60/143 kB | 0.1/2.1 MBProgress (2): 60/143 kB | 0.1/2.1 MBProgress (2): 64/143 kB | 0.1/2.1 MBProgress (2): 68/143 kB | 0.1/2.1 MBProgress (2): 72/143 kB | 0.1/2.1 MBProgress (2): 72/143 kB | 0.1/2.1 MBProgress (2): 76/143 kB | 0.1/2.1 MBProgress (2): 81/143 kB | 0.1/2.1 MBProgress (2): 85/143 kB | 0.1/2.1 MBProgress (2): 85/143 kB | 0.1/2.1 MBProgress (2): 85/143 kB | 0.1/2.1 MBProgress (2): 85/143 kB | 0.1/2.1 MBProgress (2): 89/143 kB | 0.1/2.1 MBProgress (2): 93/143 kB | 0.1/2.1 MBProgress (2): 93/143 kB | 0.1/2.1 MBProgress (2): 98/143 kB | 0.1/2.1 MBProgress (2): 98/143 kB | 0.1/2.1 MBProgress (2): 102/143 kB | 0.1/2.1 MBProgress (2): 102/143 kB | 0.1/2.1 MBProgress (2): 102/143 kB | 0.1/2.1 MBProgress (2): 106/143 kB | 0.1/2.1 MBProgress (2): 110/143 kB | 0.1/2.1 MBProgress (2): 110/143 kB | 0.1/2.1 MBProgress (2): 115/143 kB | 0.1/2.1 MBProgress (2): 115/143 kB | 0.1/2.1 MBProgress (2): 119/143 kB | 0.1/2.1 MBProgress (2): 119/143 kB | 0.1/2.1 MBProgress (2): 123/143 kB | 0.1/2.1 MBProgress (2): 123/143 kB | 0.1/2.1 MBProgress (2): 123/143 kB | 0.1/2.1 MBProgress (2): 123/143 kB | 0.1/2.1 MBProgress (2): 123/143 kB | 0.1/2.1 MBProgress (2): 123/143 kB | 0.1/2.1 MBProgress (2): 123/143 kB | 0.1/2.1 MBProgress (2): 123/143 kB | 0.1/2.1 MBProgress (2): 123/143 kB | 0.1/2.1 MBProgress (2): 123/143 kB | 0.1/2.1 MBProgress (2): 123/143 kB | 0.2/2.1 MBProgress (2): 123/143 kB | 0.2/2.1 MBProgress (2): 123/143 kB | 0.2/2.1 MBProgress (2): 123/143 kB | 0.2/2.1 MBProgress (2): 123/143 kB | 0.2/2.1 MBProgress (2): 123/143 kB | 0.2/2.1 MBProgress (2): 123/143 kB | 0.2/2.1 MBProgress (2): 123/143 kB | 0.2/2.1 MBProgress (2): 123/143 kB | 0.2/2.1 MBProgress (2): 127/143 kB | 0.2/2.1 MBProgress (2): 131/143 kB | 0.2/2.1 MBProgress (2): 136/143 kB | 0.2/2.1 MBProgress (2): 136/143 kB | 0.2/2.1 MBProgress (2): 140/143 kB | 0.2/2.1 MBProgress (2): 140/143 kB | 0.2/2.1 MBProgress (2): 143 kB | 0.2/2.1 MB    Progress (2): 143 kB | 0.2/2.1 MBProgress (2): 143 kB | 0.2/2.1 MBProgress (2): 143 kB | 0.2/2.1 MB                                 Downloaded from central: https://repo.maven.apache.org/maven2/com/adobe/xmp/xmpcore/6.1.11/xmpcore-6.1.11.jar (143 kB at 246 kB/s)
Progress (1): 0.2/2.1 MBProgress (1): 0.2/2.1 MBProgress (1): 0.2/2.1 MBProgress (1): 0.2/2.1 MBProgress (1): 0.2/2.1 MBProgress (1): 0.3/2.1 MBProgress (1): 0.3/2.1 MBProgress (1): 0.3/2.1 MBProgress (1): 0.3/2.1 MBProgress (1): 0.3/2.1 MBProgress (1): 0.3/2.1 MBProgress (1): 0.4/2.1 MBProgress (1): 0.4/2.1 MBProgress (1): 0.4/2.1 MBProgress (1): 0.4/2.1 MBProgress (1): 0.4/2.1 MBProgress (1): 0.4/2.1 MBProgress (1): 0.5/2.1 MBProgress (1): 0.5/2.1 MBProgress (1): 0.5/2.1 MBProgress (1): 0.5/2.1 MBProgress (1): 0.5/2.1 MBProgress (1): 0.5/2.1 MBProgress (1): 0.5/2.1 MBProgress (1): 0.6/2.1 MBProgress (1): 0.6/2.1 MBProgress (1): 0.6/2.1 MBProgress (1): 0.6/2.1 MBProgress (1): 0.6/2.1 MBProgress (1): 0.6/2.1 MBProgress (1): 0.7/2.1 MBProgress (1): 0.7/2.1 MBProgress (1): 0.7/2.1 MBProgress (1): 0.7/2.1 MBProgress (1): 0.7/2.1 MBProgress (1): 0.7/2.1 MBProgress (1): 0.8/2.1 MBProgress (1): 0.8/2.1 MBProgress (1): 0.8/2.1 MBProgress (1): 0.8/2.1 MBProgress (1): 0.8/2.1 MBProgress (1): 0.8/2.1 MBProgress (1): 0.9/2.1 MBProgress (1): 0.9/2.1 MBProgress (1): 0.9/2.1 MBProgress (1): 0.9/2.1 MBProgress (1): 0.9/2.1 MBProgress (1): 0.9/2.1 MBProgress (1): 1.0/2.1 MBProgress (1): 1.0/2.1 MBProgress (1): 1.0/2.1 MBProgress (1): 1.0/2.1 MBProgress (1): 1.0/2.1 MBProgress (1): 1.0/2.1 MBProgress (1): 1.1/2.1 MBProgress (1): 1.1/2.1 MBProgress (1): 1.1/2.1 MBProgress (1): 1.1/2.1 MBProgress (1): 1.1/2.1 MBProgress (1): 1.1/2.1 MBProgress (1): 1.2/2.1 MBProgress (1): 1.2/2.1 MBProgress (1): 1.2/2.1 MBProgress (1): 1.2/2.1 MBProgress (1): 1.2/2.1 MBProgress (1): 1.2/2.1 MBProgress (1): 1.2/2.1 MBProgress (1): 1.3/2.1 MBProgress (1): 1.3/2.1 MBProgress (1): 1.3/2.1 MBProgress (1): 1.3/2.1 MBProgress (1): 1.3/2.1 MBProgress (1): 1.3/2.1 MBProgress (1): 1.4/2.1 MBProgress (1): 1.4/2.1 MBProgress (1): 1.4/2.1 MBProgress (1): 1.4/2.1 MBProgress (1): 1.4/2.1 MBProgress (1): 1.4/2.1 MBProgress (1): 1.5/2.1 MBProgress (1): 1.5/2.1 MBProgress (1): 1.5/2.1 MBProgress (1): 1.5/2.1 MBProgress (1): 1.5/2.1 MBProgress (1): 1.5/2.1 MBProgress (1): 1.6/2.1 MBProgress (1): 1.6/2.1 MBProgress (1): 1.6/2.1 MBProgress (1): 1.6/2.1 MBProgress (1): 1.6/2.1 MBProgress (1): 1.6/2.1 MBProgress (1): 1.7/2.1 MBProgress (1): 1.7/2.1 MBProgress (1): 1.7/2.1 MBProgress (1): 1.7/2.1 MBProgress (1): 1.7/2.1 MBProgress (1): 1.7/2.1 MBProgress (1): 1.8/2.1 MBProgress (1): 1.8/2.1 MBProgress (1): 1.8/2.1 MBProgress (1): 1.8/2.1 MBProgress (1): 1.8/2.1 MBProgress (1): 1.8/2.1 MBProgress (1): 1.9/2.1 MBProgress (1): 1.9/2.1 MBProgress (1): 1.9/2.1 MBProgress (1): 1.9/2.1 MBProgress (1): 1.9/2.1 MBProgress (1): 1.9/2.1 MBProgress (1): 2.0/2.1 MBProgress (1): 2.0/2.1 MBProgress (1): 2.0/2.1 MBProgress (1): 2.0/2.1 MBProgress (1): 2.0/2.1 MBProgress (1): 2.0/2.1 MBProgress (1): 2.1/2.1 MBProgress (1): 2.1/2.1 MBProgress (1): 2.1/2.1 MBProgress (1): 2.1/2.1 MBProgress (1): 2.1/2.1 MBProgress (1): 2.1/2.1 MBProgress (1): 2.1 MB                        Downloaded from central: https://repo.maven.apache.org/maven2/com/github/librepdf/openpdf/1.3.32/openpdf-1.3.32.jar (2.1 MB at 1.9 MB/s)
[INFO] 
[INFO] --- clean:3.5.0:clean (default-clean) @ lbs-backend ---
[INFO] Deleting C:\Users\di\Desktop\app_lbs\lbs-backend\lbs-backend\target
[INFO] 
[INFO] --- resources:3.3.1:resources (default-resources) @ lbs-backend ---
[INFO] Copying 1 resource from src\main\resources to target\classes
[INFO] Copying 1 resource from src\main\resources to target\classes
[INFO] 
[INFO] --- compiler:3.14.1:compile (default-compile) @ lbs-backend ---
[INFO] Recompiling the module because of changed dependency.
[INFO] Compiling 178 source files with javac [debug parameters release 21] to target\classes
[INFO] ------------------------------------------------------------------------
[INFO] BUILD SUCCESS
[INFO] ------------------------------------------------------------------------
[INFO] Total time:  7.687 s
[INFO] Finished at: 2026-03-31T18:12:39+01:00
[INFO] ------------------------------------------------------------------------
